-2.616201458164875593e+00 1.372446352613752252e+00 -8.118122206508656064e-04
-2.624314255042218047e+00 1.377997342131049630e+00 -5.094025945611515866e-05
-2.624000732921778489e+00 1.378888252513226664e+00 1.757295801944946728e-03
