-2.000000000000000000e+02
-1.650000000000000000e+02
-1.840000000000000000e+02
-2.000000000000000000e+02
-1.440000000000000000e+02
-1.500000000000000000e+02
-1.520000000000000000e+02
-1.540000000000000000e+02
-1.460000000000000000e+02
-1.070000000000000000e+02
-1.060000000000000000e+02
-1.060000000000000000e+02
-1.060000000000000000e+02
-1.080000000000000000e+02
-1.250000000000000000e+02
-1.400000000000000000e+02
-1.450000000000000000e+02
-1.420000000000000000e+02
-1.760000000000000000e+02
-1.050000000000000000e+02
-1.550000000000000000e+02
-1.380000000000000000e+02
-1.380000000000000000e+02
-1.390000000000000000e+02
-1.390000000000000000e+02
